INFO script{phase=SystemDiscovery}: konfigkoll_script::engine: Calling script
"System discovery phase"
Configuring for distro: arch
Some("x86_64")
INFO script{phase=SystemDiscovery}: konfigkoll_script::engine: Returned from script
INFO konfigkoll: Creating backends
INFO konfigkoll: Starting package loading background job
INFO script{phase=Ignores}: konfigkoll_script::engine: Calling script
"Ignore phase"
INFO script{phase=Ignores}: konfigkoll_script::engine: Returned from script
INFO konfigkoll: Waiting for package loading results...
INFO konfigkoll: Got package loading results
INFO konfigkoll: Starting filesystem scan background job
INFO script{phase=ScriptDependencies}: konfigkoll_script::engine: Calling script
"Script dependencies phase"
INFO script{phase=ScriptDependencies}: konfigkoll_script::engine: Returned from script
INFO script{phase=Main}: konfigkoll_script::engine: Calling script
"Main phase"
Some(123)
Ok("# Dynamic linker/loader configuration.\n# See ld.so(8) and ldconfig(8) for details.\n\ninclude /etc/ld.so.conf.d/*.conf\ninclude /usr/lib/ld.so.conf.d/*.conf\n")
Ok("# Dynamic linker/loader configuration.\n# See ld.so(8) and ldconfig(8) for details.\n\ninclude /etc/ld.so.conf.d/*.conf\ninclude /usr/lib/ld.so.conf.d/*.conf\n# HI!\n")
Hello world
"output:"
Ok("")
"bor\nbar\nbar\nquux hi there\n"
INFO script{phase=Main}: konfigkoll_script::engine: Returned from script
INFO konfigkoll: Waiting for file system scan results...
INFO konfigkoll: Got file system scan results
INFO konfigkoll: Computing diff
/etc/passwd: Would restore to original package manager state
--- /etc/passwd	 +0000
+++ /dev/stdin	 +0000
@@ -1,22 +1 @@
 root:x:0:0::/root:/usr/bin/bash
-bin:x:1:1::/:/usr/bin/nologin
-daemon:x:2:2::/:/usr/bin/nologin
-mail:x:8:12::/var/spool/mail:/usr/bin/nologin
-ftp:x:14:11::/srv/ftp:/usr/bin/nologin
-http:x:33:33::/srv/http:/usr/bin/nologin
-nobody:x:65534:65534:Kernel Overflow User:/:/usr/bin/nologin
-dbus:x:81:81:System Message Bus:/:/usr/bin/nologin
-systemd-coredump:x:980:980:systemd Core Dumper:/:/usr/bin/nologin
-systemd-network:x:979:979:systemd Network Management:/:/usr/bin/nologin
-systemd-oom:x:978:978:systemd Userspace OOM Killer:/:/usr/bin/nologin
-systemd-journal-remote:x:977:977:systemd Journal Remote:/:/usr/bin/nologin
-systemd-resolve:x:976:976:systemd Resolver:/:/usr/bin/nologin
-systemd-timesync:x:975:975:systemd Time Synchronization:/:/usr/bin/nologin
-tss:x:974:974:tss user for tpm2:/:/usr/bin/nologin
-uuidd:x:68:68::/:/usr/bin/nologin
-avahi:x:973:973:Avahi mDNS/DNS-SD daemon:/:/usr/bin/nologin
-flatpak:x:972:972:Flatpak system helper:/:/usr/bin/nologin
-geoclue:x:971:971:Geoinformation service:/var/lib/geoclue:/usr/bin/nologin
-git:x:970:970:git daemon user:/:/usr/bin/git-shell
-polkitd:x:102:102:User for polkitd:/:/usr/bin/nologin
-rtkit:x:133:133:RealtimeKit:/proc:/usr/bin/nologin
