---
source: crates/mtree2/tests/snapshots.rs
expression: entries
---
[]
